// Jest Snapshot v1, https://goo.gl/fbAQLP

exports[`html-literal should work as intended 1`] = `
"<h1>HTML Tagged Template Literal</h1>
      <p>Name: Chuck Norris</p>
      <p>Age: 42</p>
      <p>Details: <pre>[{
  \\"Residence\\": \\"1\\",
  \\"Occupation\\": \\"2\\"
},\\"Navasota, Texas, U.S.\\",\\"Actor, martial artist, film producer, screenwriter, air policeman (U.S. Air Force).\\"]</pre></p>
      <p>Weakness: </p>
      <p>Enemy: [function]</p>
      <p>Interests: [promise]</p>
      <ul>
        <li>Chuck Norris counted to infinity. Twice.</li>
<li>When the Boogeyman goes to sleep every night he checks his closet for Chuck Norris.</li>
      </ul>"
`;
